02:32:17.175614 ZoomEye: check callback failed for the configuration
02:32:17.175689 360PassiveDNS: check callback failed for the configuration
02:32:17.175719 ASNLookup: check callback failed for the configuration
02:32:17.182027 Chaos: check callback failed for the configuration
02:32:17.195289 Ahrefs: check callback failed for the configuration
02:32:17.195888 IPdata: check callback failed for the configuration
02:32:17.195943 IPinfo: check callback failed for the configuration
02:32:17.195971 IntelX: check callback failed for the configuration
02:32:17.196077 Netlas: check callback failed for the configuration
02:32:17.196101 ONYPHE: check callback failed for the configuration
02:32:17.196886 PassiveTotal: check callback failed for the configuration
02:32:17.196983 Pastebin: check callback failed for the configuration
02:32:17.197025 PentestTools: check callback failed for the configuration
02:32:17.197050 PublicWWW: check callback failed for the configuration
02:32:17.197105 Quake: check callback failed for the configuration
02:32:17.199569 DNSDB: check callback failed for the configuration
02:32:17.199686 DNSRepo: check callback failed for the configuration
02:32:17.199759 DNSlytics: check callback failed for the configuration
02:32:17.199820 Deepinfo: check callback failed for the configuration
02:32:17.199844 Detectify: check callback failed for the configuration
02:32:17.200587 FOFA: check callback failed for the configuration
02:32:17.200641 FacebookCT: check callback failed for the configuration
02:32:17.200702 FullHunt: check callback failed for the configuration
02:32:17.200759 GitHub: check callback failed for the configuration
02:32:17.200819 GitLab: check callback failed for the configuration
02:32:17.215747 BeVigil: check callback failed for the configuration
02:32:17.215821 BigDataCloud: check callback failed for the configuration
02:32:17.216595 BinaryEdge: check callback failed for the configuration
02:32:17.216717 SOCRadar: check callback failed for the configuration
02:32:17.216850 SecurityTrails: check callback failed for the configuration
02:32:17.217731 Shodan: check callback failed for the configuration
02:32:17.217917 Spamhaus: check callback failed for the configuration
02:32:17.218062 ThreatBook: check callback failed for the configuration
02:32:17.219048 VirusTotal: check callback failed for the configuration
02:32:17.219173 WhoisXMLAPI: check callback failed for the configuration
02:32:17.219372 Yandex: check callback failed for the configuration
02:32:17.219415 ZETAlytics: check callback failed for the configuration
02:32:17.195290 Hunter: check callback failed for the configuration
02:32:17.219772 BufferOver: check callback failed for the configuration
02:32:17.219817 BuiltWith: check callback failed for the configuration
02:32:17.219826 CIRCL: check callback failed for the configuration
02:32:17.219844 C99: check callback failed for the configuration
02:32:17.219888 Censys: check callback failed for the configuration
02:32:17.219982 CertCentral: check callback failed for the configuration
02:32:17.341346 Querying CommonCrawl for example.com subdomains
02:32:17.341380 Querying Mnemonic for example.com subdomains
02:32:17.341421 Querying URLScan for example.com subdomains
02:32:17.341438 Querying LeakIX for example.com subdomains
02:32:17.341450 Querying AlienVault for example.com subdomains
02:32:17.341514 Querying DuckDuckGo for example.com subdomains
02:32:17.341529 Querying HyperStat for example.com subdomains
02:32:17.341515 Querying Ask for example.com subdomains
02:32:17.341567 Querying HackerOne for example.com subdomains
02:32:17.341574 Querying DNS SRV for example.com subdomains
02:32:17.341585 Querying Pulsedive for example.com subdomains
02:32:17.341517 Querying Digitorus for example.com subdomains
02:32:17.341569 Querying UKWebArchive for example.com subdomains
02:32:17.341523 Querying Gists for example.com subdomains
02:32:17.341675 Querying Riddler for example.com subdomains
02:32:17.341695 Querying Yahoo for example.com subdomains
02:32:17.341525 Querying GrepApp for example.com subdomains
02:32:17.341838 Querying AbuseIPDB for example.com subdomains
02:32:17.341527 Querying Active DNS for example.com subdomains
02:32:17.341565 Querying DNSSpy for example.com subdomains
02:32:17.341871 Querying CertSpotter for example.com subdomains
02:32:17.341883 Querying PKey for example.com subdomains
02:32:17.341888 Querying AnubisDB for example.com subdomains
02:32:17.341673 Querying RapidDNS for example.com subdomains
02:32:17.341908 Querying Baidu for example.com subdomains
02:32:17.341962 Querying DNSHistory for example.com subdomains
02:32:17.341970 Querying SubdomainCenter for example.com subdomains
02:32:17.342001 Querying Searx for example.com subdomains
02:32:17.342012 Querying Synapsint for example.com subdomains
02:32:17.342019 Querying Active Crawl for example.com subdomains
02:32:17.342013 Querying HackerTarget for example.com subdomains
02:32:17.342035 Querying Greynoise for example.com subdomains
02:32:17.341881 Querying HAW for example.com subdomains
02:32:17.342050 Querying Wayback for example.com subdomains
02:32:17.342057 Querying Bing for example.com subdomains
02:32:17.342064 Querying Crtsh for example.com subdomains
02:32:17.342068 Querying ThreatMiner for example.com subdomains
02:32:17.341520 Querying DNSDumpster for example.com subdomains
02:32:17.341572 Querying Arquivo for example.com subdomains
02:32:17.341975 Querying Maltiverse for example.com subdomains
02:32:17.341998 Querying Searchcode for example.com subdomains
02:32:17.342004 Querying Google for example.com subdomains
02:32:17.342016 Querying SiteDossier for example.com subdomains
02:32:17.342061 Querying Brute Forcing for example.com subdomains
02:32:17.341905 Querying Sublist3rAPI for example.com subdomains
02:32:18.344727 Riddler: scrape: Get "https://riddler.io/search/exportcsv?q=pld:example.com": dial tcp: lookup riddler.io on 8.8.8.8:53: no such host
02:32:18.385693 Sublist3rAPI: failed to decode the JSON response
02:32:18.403752 AbuseIPDB: get_ip request to service returned with status code: 403 Forbidden
02:32:18.501055 Greynoise: vertical request to service returned with status: 404 Not Found
02:32:18.618017 DNSDumpster: failed to discover the token in the response body
02:32:19.425200 DNSHistory: vertical request to service returned with status code: 403 Forbidden
02:32:19.830309 LeakIX: vertical request to service returned with status: 401 Unauthorized
02:32:24.370168 Searx: scrape: Post "https://anon.sx/search": dial tcp: lookup anon.sx on 8.8.4.4:53: no such host
02:32:24.472027 Pulsedive: vertical request to service returned with status: 429 Too Many Requests
02:32:27.776731 Arquivo: vertical request to service returned with status code: 400 Bad Request
02:32:30.466204 ThreatMiner: vertical request to service returned with status: 500 Internal Server Error
02:32:32.342948 Wayback: scrape: Get "https://web.archive.org/cdx/search/cdx?matchType=domain&fl=original&output=json&collapse=urlkey&url=example.com": context deadline exceeded (Client.Timeout exceeded while awaiting headers)
02:32:32.343148 RapidDNS: scrape: Get "https://rapiddns.io/subdomain/example.com?full=1": context deadline exceeded (Client.Timeout exceeded while awaiting headers)
02:32:41.942207 Baidu: scrape: Get "https://www.baidu.com/s?oq=site%3Aexample.com+-site%3Awww.example.com&pn=2&wd=site%3Aexample.com+-site%3Awww.example.com": context deadline exceeded (Client.Timeout exceeded while awaiting headers)
02:32:42.432270 Maltiverse: vertical request to service failed: Get "https://api.maltiverse.com/search?format=json&from=1500&query=hostname.keyword%3A%2A.example.com&size=500&sort=creation_time_desc": context deadline exceeded (Client.Timeout exceeded while awaiting headers)
02:32:43.828301 URLScan: subs request to service failed: Get "https://urlscan.io/api/v1/result/0197f74b-7c60-72c9-a65d-cb73c0dfcf9f/": context deadline exceeded (Client.Timeout exceeded while awaiting headers)
02:32:44.495547 Searchcode: scrape: Get "https://searchcode.com/api/codesearch_I/?per_page=100&q=.example.com&p=3": context deadline exceeded (Client.Timeout exceeded while awaiting headers)
02:32:45.265203 Bing: scrape: Get "https://www.bing.com/search?first=5&go=Submit&q=domain%3Aexample.com+-www.example.com": context deadline exceeded (Client.Timeout exceeded while awaiting headers)
02:32:46.283158 CommonCrawl: scrape: Get "https://index.commoncrawl.org/CC-MAIN-2025-08-index?fl=url&output=json&url=%2A.example.com": context deadline exceeded (Client.Timeout exceeded while awaiting headers)
02:32:46.668503 Yahoo: scrape: Get "https://search.yahoo.com/search?b=51&bct=0&p=site%3Aexample.com+-domain%3Awww.example.com&pz=10&xargs=0": context deadline exceeded (Client.Timeout exceeded while awaiting headers)
02:32:50.621116 Google: scrape: Get "https://www.google.com/search?bih=&biw=&btnG=Search&filter=0&gbv=1&hl=en&q=site%3A%2A.example.com+-www.%2A&start=20": context deadline exceeded (Client.Timeout exceeded while awaiting headers)
02:32:50.621209 Google: access to search engine is blocked
02:32:56.284506 CommonCrawl: scrape: Get "https://index.commoncrawl.org/CC-MAIN-2025-05-index?fl=url&output=json&url=%2A.example.com": context deadline exceeded (Client.Timeout exceeded while awaiting headers)
02:32:57.829927 URLScan: subs request to service failed: Get "https://urlscan.io/api/v1/result/0197f6c4-15f5-77c1-a482-4d23ad95acdc/": context deadline exceeded (Client.Timeout exceeded while awaiting headers)
